[bsatroop681.org/index.html]
[backblue.gif]
[fade.gif]
[index.html]
[bsatroop681.org/menu.html]
[bsatroop681.org/welcome.html]
[bsatroop681.org/index.html]
[bsatroop681.org/menu_files/filelist.html]
[bsatroop681.org/01whatsnew.html]
[bsatroop681.org/PDF_forms/2019-2020 Troop 681 Calendar.pdf]
[bsatroop681.org/02forms.html]
[bsatroop681.org/03activities.html]
[bsatroop681.org/03activereports.html]
[bsatroop681.org/03troophistory.html]
[bsatroop681.org/cooking_merit_badge.html]
[bsatroop681.org/04resources.html]
[bsatroop681.org/04backpackindiv.html]
[bsatroop681.org/04backpacktroop.html]
[bsatroop681.org/04carcampchecklist.html]
[bsatroop681.org/04campplanPL.html]
[bsatroop681.org/04dutyroster.html]
[bsatroop681.org/04eventsplanner.html]
[bsatroop681.org/04equipmentbuy.html]
[bsatroop681.org/04linkscatholicscout.html]
[bsatroop681.org/04linksreferences.html]
[bsatroop681.org/04linksscoutgroups.html]
[bsatroop681.org/04trooplibrary.html]
[bsatroop681.org/troop_hikes.html]
[bsatroop681.org/05advancement.html]
[bsatroop681.org/05scout_to_life_faq.html]
[bsatroop681.org/05life_to_eagle_faq.html]
[bsatroop681.org/05advancement-merit.html]
[bsatroop681.org/05linksadvancement.html]
[bsatroop681.org/05nesa.html]
[bsatroop681.org/06contacttroop.html]
[bsatroop681.org/menu.html]
[bsatroop681.org/welcome_files/filelist.html]
[bsatroop681.org/welcome_files/editdata.html]
[bsatroop681.org/GeneratedItems/CSScriptLib.html]
[bsatroop681.org/index-2.html]
[bsatroop681.org/PDF_forms/DecisionTree.pdf]
[bsatroop681.org/PDF_forms/PreEventChklist.pdf]
[bsatroop681.org/PDF_forms/ScoutHouseCOVID.pdf]
[bsatroop681.org/PDF_forms/GeneralGuidance.pdf]
[bsatroop681.org/PDF_forms/NCAC Virginia.pdf]
[bsatroop681.org/welcome.html]
[bsatroop681.org/menu_files/filelist.html]
[bsatroop681.org/01whatsnew_files/filelist.html]
[bsatroop681.org/01whatsnew_files/editdata.html]
[bsatroop681.org/01whatsnew.html]
[bsatroop681.org/PDF_forms/BSAActivityConsentForm.pdf]
[bsatroop681.org/PDF_forms/HealthFormAB.pdf]
[bsatroop681.org/02drugabuse.html]
[bsatroop681.org/02forms.html]
[bsatroop681.org/03activities.html]
[bsatroop681.org/03activereports.html]
[bsatroop681.org/03troophistory.html]
[bsatroop681.org/PDF_forms/Cooking_Workbook_2014.pdf]
[bsatroop681.org/PDF_forms/Family_Camping_Cookbook.pdf]
[bsatroop681.org/PDF_forms/Cooking_MB_Powerpoint_2015.pdf]
[bsatroop681.org/cooking_merit_badge.html]
[bsatroop681.org/PDF_forms/Cooking Merit Badge Recipe Book.pdf]
[bsatroop681.org/Troop 681.data/Components/logobar.html]
[bsatroop681.org/04resources.html]
[bsatroop681.org/04backpackindiv.html]
[bsatroop681.org/04backpacktroop.html]
[bsatroop681.org/04carcampchecklist.html]
[bsatroop681.org/04campplanPL.html]
[bsatroop681.org/04dutyroster.html]
[bsatroop681.org/04eventsplanner.html]
[bsatroop681.org/04equipmentbuy.html]
[bsatroop681.org/04linkscatholicscout.html]
[bsatroop681.org/04linksreferences_files/filelist.html]
[bsatroop681.org/04linksreferences_files/editdata.html]
[bsatroop681.org/04linksreferences.html]
[bsatroop681.org/04linksscoutgroups_files/filelist.html]
[bsatroop681.org/04linksscoutgroups_files/editdata.html]
[bsatroop681.org/04linksscoutgroups.html]
[bsatroop681.org/04trooplibrary.html]
[bsatroop681.org/hikes/Wolf Gap - Big Schloss Area - Marked Trail.pdf]
[bsatroop681.org/hikes/Wolf Gap - Big Schloss Area.pdf]
[bsatroop681.org/hikes/Wolf Gap - Big Schloss Hike Profile - Advanced Group.pdf]
[bsatroop681.org/hikes/Directions to Mathews Arm Campground.pdf]
[bsatroop681.org/hikes/MN-5 LittleDevilsStair Piny Branch Loop.pdf]
[bsatroop681.org/hikes/Piney Ridge - Little Devil Stairs Hike 1.pdf]
[bsatroop681.org/hikes/Piney Ridge - Little Devil Stairs Hike Sketch.pdf]
[bsatroop681.org/hikes/THORNON RIVER TRAIL  driving directions to jumpoff.pdf]
[bsatroop681.org/hikes/Thornton River Hike Trail Map 1.pdf]
[bsatroop681.org/hikes/Thornton Gap Topo Map.pdf]
[bsatroop681.org/hikes/Map of Thornton River Trail 001.pdf]
[bsatroop681.org/hikes/PARKING BY PERMISSION ONLY.pdf]
[bsatroop681.org/troop_hikes.html]
[bsatroop681.org/05advancement_files/filelist.html]
[bsatroop681.org/05advancement_files/editdata.html]
[bsatroop681.org/05advancement.html]
[bsatroop681.org/05scout_to_life_faq.html]
[bsatroop681.org/05life_to_eagle_faq_files/filelist.html]
[bsatroop681.org/05life_to_eagle_faq_files/editdata.html]
[bsatroop681.org/eagle_application(FI).pdf]
[bsatroop681.org/eagle_scout_leadership_service_project_workbook.pdf]
[bsatroop681.org/05life_to_eagle_faq.html]
[bsatroop681.org/05advancement-merit.html]
[bsatroop681.org/05linksadvancement_files/filelist.html]
[bsatroop681.org/05linksadvancement_files/editdata.html]
[bsatroop681.org/05linksadvancement.html]
[bsatroop681.org/05nesa_files/filelist.html]
[bsatroop681.org/05nesa_files/editdata.html]
[bsatroop681.org/05nesa.html]
[bsatroop681.org/06contacttroop_files/filelist.html]
[bsatroop681.org/06contacttroop_files/editdata.html]
[bsatroop681.org/06contacttroop.html]
[bsatroop681.org/welcome_files/filelist.html]
[bsatroop681.org/welcome_files/editdata.html]
[bsatroop681.org/GeneratedItems/CSScriptLib.html]
[bsatroop681.org/index-2.html]
[bsatroop681.org/01whatsnew_files/filelist.html]
[bsatroop681.org/01whatsnew_files/editdata.html]
[bsatroop681.org/02drugabuse.html]
[bsatroop681.org/Troop 681.data/Components/logobar.html]
[bsatroop681.org/04linksreferences_files/filelist.html]
[bsatroop681.org/04linksreferences_files/editdata.html]
[bsatroop681.org/04linksscoutgroups_files/filelist.html]
[bsatroop681.org/04linksscoutgroups_files/editdata.html]
[bsatroop681.org/05advancement_files/filelist.html]
[bsatroop681.org/05advancement_files/editdata.html]
[bsatroop681.org/05life_to_eagle_faq_files/filelist.html]
[bsatroop681.org/05life_to_eagle_faq_files/editdata.html]
[bsatroop681.org/05linksadvancement_files/filelist.html]
[bsatroop681.org/05linksadvancement_files/editdata.html]
[bsatroop681.org/05nesa_files/filelist.html]
[bsatroop681.org/05nesa_files/editdata.html]
[bsatroop681.org/06contacttroop_files/filelist.html]
[bsatroop681.org/06contacttroop_files/editdata.html]
